
> signpost-field@0.1.0 build
> prisma generate && next build

Prisma schema loaded from prisma\schema.prisma

✔ Generated Prisma Client (v5.22.0) to .\node_modules\@prisma\client in 139ms

Start by importing your Prisma Client (See: https://pris.ly/d/importing-client)

Tip: Easily identify and fix slow SQL queries in your app. Optimize helps you enhance your visibility: https://pris.ly/--optimize

  ▲ Next.js 14.2.35
  - Environments: .env.production.local, .env.local
  - Experiments (use with caution):
    · instrumentationHook

   Creating an optimized production build ...
> [PWA] Compile server
> [PWA] Compile server
> [PWA] Compile client (static)
> [PWA] Auto register service worker with: C:\Users\Brennan\Desktop\RightSignUp\node_modules\next-pwa\register.js
> [PWA] Service worker: C:\Users\Brennan\Desktop\RightSignUp\public\sw.js
> [PWA]   url: /sw.js
> [PWA]   scope: /
> [PWA] Fallback to precache routes when fetch failed from cache or network:
> [PWA]   document (page): /offline.html
 ⚠ Compiled with warnings

./node_modules/require-in-the-middle/index.js
Critical dependency: require function is used in a way in which dependencies cannot be statically extracted

Import trace for requested module:
./node_modules/require-in-the-middle/index.js
./node_modules/@opentelemetry/instrumentation/build/esm/platform/node/instrumentation.js
./node_modules/@opentelemetry/instrumentation/build/esm/platform/node/index.js
./node_modules/@opentelemetry/instrumentation/build/esm/platform/index.js
./node_modules/@opentelemetry/instrumentation/build/esm/index.js
./node_modules/@sentry/node/build/cjs/integrations/tracing/express.js
./node_modules/@sentry/node/build/cjs/index.js
./node_modules/@sentry/nextjs/build/cjs/index.server.js
./app/api/leads/route.ts

   Linting and checking validity of types ...

./app/admin/811/components/PDFUploadModal.tsx
318:81  Warning: `'` can be escaped with `&apos;`, `&lsquo;`, `&#39;`, `&rsquo;`.  react/no-unescaped-entities

./app/admin/811/components/PDFUploadSection.tsx
77:46  Warning: `"` can be escaped with `&quot;`, `&ldquo;`, `&#34;`, `&rdquo;`.  react/no-unescaped-entities
77:59  Warning: `"` can be escaped with `&quot;`, `&ldquo;`, `&#34;`, `&rdquo;`.  react/no-unescaped-entities

./app/admin/811/page.tsx
58:39  Warning: Unexpected any. Specify a different type.  @typescript-eslint/no-explicit-any
59:44  Warning: Unexpected any. Specify a different type.  @typescript-eslint/no-explicit-any
63:15  Warning: Unexpected any. Specify a different type.  @typescript-eslint/no-explicit-any
65:58  Warning: Unexpected any. Specify a different type.  @typescript-eslint/no-explicit-any
83:6  Warning: React Hook useEffect has a missing dependency: 'fetchTickets'. Either include it or remove the dependency array.  react-hooks/exhaustive-deps

./app/admin/811/[id]/page.tsx
623:80  Warning: Unexpected any. Specify a different type.  @typescript-eslint/no-explicit-any

./app/admin/activity/page.tsx
13:28  Warning: Unexpected any. Specify a different type.  @typescript-eslint/no-explicit-any
55:6  Warning: React Hook useEffect has a missing dependency: 'fetchActivityLogs'. Either include it or remove the dependency array.  react-hooks/exhaustive-deps

./app/admin/brokerages/page.tsx
338:14  Warning: 'err' is defined but never used.  @typescript-eslint/no-unused-vars
360:14  Warning: 'err' is defined but never used.  @typescript-eslint/no-unused-vars
409:14  Warning: '_err' is defined but never used.  @typescript-eslint/no-unused-vars
629:14  Warning: 'err' is defined but never used.  @typescript-eslint/no-unused-vars
655:14  Warning: 'err' is defined but never used.  @typescript-eslint/no-unused-vars

./app/admin/brokerages/[id]/page.tsx
66:16  Warning: 'err' is defined but never used.  @typescript-eslint/no-unused-vars
124:19  Warning: Unexpected any. Specify a different type.  @typescript-eslint/no-explicit-any
138:19  Warning: Unexpected any. Specify a different type.  @typescript-eslint/no-explicit-any

./app/admin/clients/page.tsx
64:54  Warning: Unexpected any. Specify a different type.  @typescript-eslint/no-explicit-any
67:20  Warning: 'err' is defined but never used.  @typescript-eslint/no-unused-vars
246:52  Warning: Unexpected any. Specify a different type.  @typescript-eslint/no-explicit-any

./app/admin/clients/[id]/page.tsx
244:40  Warning: Unexpected any. Specify a different type.  @typescript-eslint/no-explicit-any

./app/admin/dashboard/page.tsx
17:17  Warning: Unexpected any. Specify a different type.  @typescript-eslint/no-explicit-any
22:44  Warning: Unexpected any. Specify a different type.  @typescript-eslint/no-explicit-any
23:44  Warning: Unexpected any. Specify a different type.  @typescript-eslint/no-explicit-any

./app/admin/inventory/components/InventoryItemsTab.tsx
19:13  Warning: Unexpected any. Specify a different type.  @typescript-eslint/no-explicit-any
32:6  Warning: React Hook useEffect has a missing dependency: 'fetchItems'. Either include it or remove the dependency array.  react-hooks/exhaustive-deps

./app/admin/inventory/components/ItemCard.tsx
43:11  Warning: Using `<img>` could result in slower LCP and higher bandwidth. Consider using `<Image />` from `next/image` to automatically optimize images. This may incur additional usage or cost from your provider. See: https://nextjs.org/docs/messages/no-img-element  @next/next/no-img-element

./app/admin/inventory/components/ItemModal.tsx
16:14  Warning: Unexpected any. Specify a different type.  @typescript-eslint/no-explicit-any
49:29  Warning: Unexpected any. Specify a different type.  @typescript-eslint/no-explicit-any
201:19  Warning: Using `<img>` could result in slower LCP and higher bandwidth. Consider using `<Image />` from `next/image` to automatically optimize images. This may incur additional usage or cost from your provider. See: https://nextjs.org/docs/messages/no-img-element  @next/next/no-img-element

./app/admin/invoices/page.tsx
53:6  Warning: React Hook useEffect has a missing dependency: 'fetchInvoices'. Either include it or remove the dependency array.  react-hooks/exhaustive-deps

./app/admin/invoices/[id]/page.tsx
53:6  Warning: React Hook useEffect has a missing dependency: 'fetchInvoice'. Either include it or remove the dependency array.  react-hooks/exhaustive-deps
104:25  Warning: Unexpected any. Specify a different type.  @typescript-eslint/no-explicit-any

./app/admin/layout.tsx
47:42  Warning: Unexpected any. Specify a different type.  @typescript-eslint/no-explicit-any

./app/admin/leads/page.tsx
76:57  Warning: Unexpected any. Specify a different type.  @typescript-eslint/no-explicit-any

./app/admin/orders/map/page.tsx
47:110  Warning: Unexpected any. Specify a different type.  @typescript-eslint/no-explicit-any
441:25  Warning: Using `<img>` could result in slower LCP and higher bandwidth. Consider using `<Image />` from `next/image` to automatically optimize images. This may incur additional usage or cost from your provider. See: https://nextjs.org/docs/messages/no-img-element  @next/next/no-img-element
558:42  Warning: Unexpected any. Specify a different type.  @typescript-eslint/no-explicit-any

./app/admin/orders/new/page.tsx
9:13  Warning: Unexpected any. Specify a different type.  @typescript-eslint/no-explicit-any
82:34  Warning: Unexpected any. Specify a different type.  @typescript-eslint/no-explicit-any
280:19  Warning: Unexpected any. Specify a different type.  @typescript-eslint/no-explicit-any
537:73  Warning: `'` can be escaped with `&apos;`, `&lsquo;`, `&#39;`, `&rsquo;`.  react/no-unescaped-entities

./app/admin/orders/[id]/page.tsx
505:21  Warning: Using `<img>` could result in slower LCP and higher bandwidth. Consider using `<Image />` from `next/image` to automatically optimize images. This may incur additional usage or cost from your provider. See: https://nextjs.org/docs/messages/no-img-element  @next/next/no-img-element
576:25  Warning: Using `<img>` could result in slower LCP and higher bandwidth. Consider using `<Image />` from `next/image` to automatically optimize images. This may incur additional usage or cost from your provider. See: https://nextjs.org/docs/messages/no-img-element  @next/next/no-img-element

./app/admin/page.tsx
86:43  Warning: Unexpected any. Specify a different type.  @typescript-eslint/no-explicit-any
93:43  Warning: Unexpected any. Specify a different type.  @typescript-eslint/no-explicit-any
96:6  Warning: React Hook useEffect has a missing dependency: 'fetchAnalyticsData'. Either include it or remove the dependency array.  react-hooks/exhaustive-deps
165:41  Warning: Unexpected any. Specify a different type.  @typescript-eslint/no-explicit-any

./app/admin/pricing/page.tsx
212:19  Warning: Unexpected any. Specify a different type.  @typescript-eslint/no-explicit-any
769:39  Warning: `'` can be escaped with `&apos;`, `&lsquo;`, `&#39;`, `&rsquo;`.  react/no-unescaped-entities

./app/admin/salesmen/clients/page.tsx
134:65  Warning: `'` can be escaped with `&apos;`, `&lsquo;`, `&#39;`, `&rsquo;`.  react/no-unescaped-entities
249:18  Warning: `'` can be escaped with `&apos;`, `&lsquo;`, `&#39;`, `&rsquo;`.  react/no-unescaped-entities

./app/admin/salesmen/page.tsx
44:46  Warning: Unexpected any. Specify a different type.  @typescript-eslint/no-explicit-any
101:34  Warning: Unexpected any. Specify a different type.  @typescript-eslint/no-explicit-any
212:34  Warning: Unexpected any. Specify a different type.  @typescript-eslint/no-explicit-any

./app/admin/settings/page.tsx
75:79  Warning: Unexpected any. Specify a different type.  @typescript-eslint/no-explicit-any

./app/admin/signs/page.tsx
64:6  Warning: React Hook useEffect has a missing dependency: 'fetchSigns'. Either include it or remove the dependency array.  react-hooks/exhaustive-deps
130:14  Warning: 'err' is defined but never used.  @typescript-eslint/no-unused-vars

./app/admin/signs/[id]/page.tsx
60:6  Warning: React Hook useEffect has a missing dependency: 'fetchSign'. Either include it or remove the dependency array.  react-hooks/exhaustive-deps
139:25  Warning: Unexpected any. Specify a different type.  @typescript-eslint/no-explicit-any
195:14  Warning: 'err' is defined but never used.  @typescript-eslint/no-unused-vars

./app/admin/tcs/[id]/page.tsx
103:18  Warning: Unexpected any. Specify a different type.  @typescript-eslint/no-explicit-any
191:16  Warning: '_err' is defined but never used.  @typescript-eslint/no-unused-vars
232:14  Warning: '_err' is defined but never used.  @typescript-eslint/no-unused-vars
270:14  Warning: '_err' is defined but never used.  @typescript-eslint/no-unused-vars
283:14  Warning: '_err' is defined but never used.  @typescript-eslint/no-unused-vars

./app/api/admin/811/route.ts
19:18  Warning: Unexpected any. Specify a different type.  @typescript-eslint/no-explicit-any
62:49  Warning: Unexpected any. Specify a different type.  @typescript-eslint/no-explicit-any
135:49  Warning: Unexpected any. Specify a different type.  @typescript-eslint/no-explicit-any

./app/api/admin/811/upload-pdf/route.ts
24:48  Warning: Unexpected any. Specify a different type.  @typescript-eslint/no-explicit-any
82:14  Warning: Unexpected any. Specify a different type.  @typescript-eslint/no-explicit-any
99:48  Warning: Unexpected any. Specify a different type.  @typescript-eslint/no-explicit-any

./app/api/admin/811/[id]/assign-order/route.ts
17:48  Warning: Unexpected any. Specify a different type.  @typescript-eslint/no-explicit-any

./app/api/admin/811/[id]/route.ts
47:49  Warning: Unexpected any. Specify a different type.  @typescript-eslint/no-explicit-any
243:25  Warning: Unexpected any. Specify a different type.  @typescript-eslint/no-explicit-any
257:19  Warning: Unexpected any. Specify a different type.  @typescript-eslint/no-explicit-any

./app/api/admin/811/[id]/send-cleared/route.ts
16:48  Warning: Unexpected any. Specify a different type.  @typescript-eslint/no-explicit-any

./app/api/admin/811/[id]/stage/route.ts
19:44  Warning: Unexpected any. Specify a different type.  @typescript-eslint/no-explicit-any

./app/api/admin/811/[id]/utilities/route.ts
26:44  Warning: Unexpected any. Specify a different type.  @typescript-eslint/no-explicit-any
61:9  Warning: 'utilityLines' is never reassigned. Use 'const' instead.  prefer-const
93:39  Warning: Unexpected any. Specify a different type.  @typescript-eslint/no-explicit-any

./app/api/admin/activity/route.ts
24:48  Warning: Unexpected any. Specify a different type.  @typescript-eslint/no-explicit-any
35:20  Warning: Unexpected any. Specify a different type.  @typescript-eslint/no-explicit-any

./app/api/admin/analytics/route.ts
33:38  Warning: Unexpected any. Specify a different type.  @typescript-eslint/no-explicit-any
41:9  Warning: 'startDate' is never reassigned. Use 'const' instead.  prefer-const
42:9  Warning: 'endDate' is never reassigned. Use 'const' instead.  prefer-const

./app/api/admin/assignments/route.ts
19:48  Warning: Unexpected any. Specify a different type.  @typescript-eslint/no-explicit-any
30:18  Warning: Unexpected any. Specify a different type.  @typescript-eslint/no-explicit-any
87:19  Warning: Unexpected any. Specify a different type.  @typescript-eslint/no-explicit-any
100:48  Warning: Unexpected any. Specify a different type.  @typescript-eslint/no-explicit-any
225:19  Warning: Unexpected any. Specify a different type.  @typescript-eslint/no-explicit-any

./app/api/admin/assignments/unassigned/route.ts
7:27  Warning: '_' is defined but never used.  @typescript-eslint/no-unused-vars
11:48  Warning: Unexpected any. Specify a different type.  @typescript-eslint/no-explicit-any
34:19  Warning: Unexpected any. Specify a different type.  @typescript-eslint/no-explicit-any

./app/api/admin/assignments/[id]/route.ts
18:48  Warning: Unexpected any. Specify a different type.  @typescript-eslint/no-explicit-any
53:23  Warning: Unexpected any. Specify a different type.  @typescript-eslint/no-explicit-any
89:19  Warning: Unexpected any. Specify a different type.  @typescript-eslint/no-explicit-any
112:48  Warning: Unexpected any. Specify a different type.  @typescript-eslint/no-explicit-any
139:19  Warning: Unexpected any. Specify a different type.  @typescript-eslint/no-explicit-any

./app/api/admin/brokerages/route.ts
11:15  Warning: Unexpected any. Specify a different type.  @typescript-eslint/no-explicit-any
12:22  Warning: Unexpected any. Specify a different type.  @typescript-eslint/no-explicit-any
34:27  Warning: '_request' is defined but never used.  @typescript-eslint/no-unused-vars
37:36  Warning: Unexpected any. Specify a different type.  @typescript-eslint/no-explicit-any
88:12  Warning: 'error' is defined but never used.  @typescript-eslint/no-unused-vars
99:36  Warning: Unexpected any. Specify a different type.  @typescript-eslint/no-explicit-any
243:19  Warning: Unexpected any. Specify a different type.  @typescript-eslint/no-explicit-any

./app/api/admin/brokerages/[id]/route.ts
53:36  Warning: Unexpected any. Specify a different type.  @typescript-eslint/no-explicit-any
96:12  Warning: 'error' is defined but never used.  @typescript-eslint/no-unused-vars
110:36  Warning: Unexpected any. Specify a different type.  @typescript-eslint/no-explicit-any
180:19  Warning: Unexpected any. Specify a different type.  @typescript-eslint/no-explicit-any
201:36  Warning: Unexpected any. Specify a different type.  @typescript-eslint/no-explicit-any
266:19  Warning: Unexpected any. Specify a different type.  @typescript-eslint/no-explicit-any
287:36  Warning: Unexpected any. Specify a different type.  @typescript-eslint/no-explicit-any
315:12  Warning: 'error' is defined but never used.  @typescript-eslint/no-unused-vars

./app/api/admin/brokerages/[id]/send-invitation/route.ts
16:48  Warning: Unexpected any. Specify a different type.  @typescript-eslint/no-explicit-any

./app/api/admin/clients/route.ts
14:42  Warning: Unexpected any. Specify a different type.  @typescript-eslint/no-explicit-any

./app/api/admin/coupons/route.ts
16:38  Warning: Unexpected any. Specify a different type.  @typescript-eslint/no-explicit-any
42:38  Warning: Unexpected any. Specify a different type.  @typescript-eslint/no-explicit-any
98:19  Warning: Unexpected any. Specify a different type.  @typescript-eslint/no-explicit-any

./app/api/admin/field-techs/route.ts
11:27  Warning: '_' is defined but never used.  @typescript-eslint/no-unused-vars
15:48  Warning: Unexpected any. Specify a different type.  @typescript-eslint/no-explicit-any
45:19  Warning: Unexpected any. Specify a different type.  @typescript-eslint/no-explicit-any

./app/api/admin/inventory/route.ts
8:48  Warning: Unexpected any. Specify a different type.  @typescript-eslint/no-explicit-any
40:48  Warning: Unexpected any. Specify a different type.  @typescript-eslint/no-explicit-any

./app/api/admin/inventory/upload/route.ts
18:26  Warning: Unexpected any. Specify a different type.  @typescript-eslint/no-explicit-any

./app/api/admin/inventory/[id]/route.ts
11:48  Warning: Unexpected any. Specify a different type.  @typescript-eslint/no-explicit-any
101:48  Warning: Unexpected any. Specify a different type.  @typescript-eslint/no-explicit-any

./app/api/admin/invoices/route.ts
18:48  Warning: Unexpected any. Specify a different type.  @typescript-eslint/no-explicit-any
29:18  Warning: Unexpected any. Specify a different type.  @typescript-eslint/no-explicit-any
85:48  Warning: Unexpected any. Specify a different type.  @typescript-eslint/no-explicit-any

./app/api/admin/invoices/[id]/route.ts
15:48  Warning: Unexpected any. Specify a different type.  @typescript-eslint/no-explicit-any
66:48  Warning: Unexpected any. Specify a different type.  @typescript-eslint/no-explicit-any
80:23  Warning: Unexpected any. Specify a different type.  @typescript-eslint/no-explicit-any
132:48  Warning: Unexpected any. Specify a different type.  @typescript-eslint/no-explicit-any

./app/api/admin/invoices/[id]/send/route.ts
17:48  Warning: Unexpected any. Specify a different type.  @typescript-eslint/no-explicit-any

./app/api/admin/leads/route.ts
19:39  Warning: Unexpected any. Specify a different type.  @typescript-eslint/no-explicit-any

./app/api/admin/leads/[id]/convert/route.ts
13:48  Warning: Unexpected any. Specify a different type.  @typescript-eslint/no-explicit-any

./app/api/admin/leads/[id]/route.ts
11:48  Warning: Unexpected any. Specify a different type.  @typescript-eslint/no-explicit-any
58:48  Warning: Unexpected any. Specify a different type.  @typescript-eslint/no-explicit-any
71:23  Warning: Unexpected any. Specify a different type.  @typescript-eslint/no-explicit-any

./app/api/admin/leads/[id]/send-welcome-sms/route.ts
12:13  Warning: '_params' is defined but never used.  @typescript-eslint/no-unused-vars
16:48  Warning: Unexpected any. Specify a different type.  @typescript-eslint/no-explicit-any

./app/api/admin/login-tracking/route.ts
9:44  Warning: Unexpected any. Specify a different type.  @typescript-eslint/no-explicit-any

./app/api/admin/orders/map/route.ts
39:48  Warning: Unexpected any. Specify a different type.  @typescript-eslint/no-explicit-any
92:56  Warning: Unexpected any. Specify a different type.  @typescript-eslint/no-explicit-any
96:42  Warning: Unexpected any. Specify a different type.  @typescript-eslint/no-explicit-any
97:42  Warning: Unexpected any. Specify a different type.  @typescript-eslint/no-explicit-any

./app/api/admin/orders/route.ts
16:48  Warning: Unexpected any. Specify a different type.  @typescript-eslint/no-explicit-any
30:18  Warning: Unexpected any. Specify a different type.  @typescript-eslint/no-explicit-any
80:12  Warning: 'error' is defined but never used.  @typescript-eslint/no-unused-vars
92:48  Warning: Unexpected any. Specify a different type.  @typescript-eslint/no-explicit-any
135:23  Warning: Unexpected any. Specify a different type.  @typescript-eslint/no-explicit-any
162:28  Warning: Unexpected any. Specify a different type.  @typescript-eslint/no-explicit-any
195:19  Warning: Unexpected any. Specify a different type.  @typescript-eslint/no-explicit-any

./app/api/admin/orders/[id]/photos/route.ts
12:48  Warning: Unexpected any. Specify a different type.  @typescript-eslint/no-explicit-any
62:48  Warning: Unexpected any. Specify a different type.  @typescript-eslint/no-explicit-any
97:15  Warning: Unexpected any. Specify a different type.  @typescript-eslint/no-explicit-any
131:48  Warning: Unexpected any. Specify a different type.  @typescript-eslint/no-explicit-any
166:58  Warning: Unexpected any. Specify a different type.  @typescript-eslint/no-explicit-any

./app/api/admin/orders/[id]/route.ts
16:48  Warning: Unexpected any. Specify a different type.  @typescript-eslint/no-explicit-any
79:48  Warning: Unexpected any. Specify a different type.  @typescript-eslint/no-explicit-any
99:23  Warning: Unexpected any. Specify a different type.  @typescript-eslint/no-explicit-any
190:12  Warning: 'error' is defined but never used.  @typescript-eslint/no-unused-vars
205:48  Warning: Unexpected any. Specify a different type.  @typescript-eslint/no-explicit-any
231:12  Warning: 'error' is defined but never used.  @typescript-eslint/no-unused-vars

./app/api/admin/orders/[id]/schedule-removal/route.ts
17:48  Warning: Unexpected any. Specify a different type.  @typescript-eslint/no-explicit-any
95:19  Warning: Unexpected any. Specify a different type.  @typescript-eslint/no-explicit-any

./app/api/admin/orders/[id]/send-completion/route.ts
16:48  Warning: Unexpected any. Specify a different type.  @typescript-eslint/no-explicit-any

./app/api/admin/pricing/overrides/route.ts
9:44  Warning: Unexpected any. Specify a different type.  @typescript-eslint/no-explicit-any
47:44  Warning: Unexpected any. Specify a different type.  @typescript-eslint/no-explicit-any

./app/api/admin/pricing/overrides/[id]/[action]/route.ts
12:44  Warning: Unexpected any. Specify a different type.  @typescript-eslint/no-explicit-any
98:44  Warning: Unexpected any. Specify a different type.  @typescript-eslint/no-explicit-any

./app/api/admin/pricing/route.ts
9:44  Warning: Unexpected any. Specify a different type.  @typescript-eslint/no-explicit-any
31:44  Warning: Unexpected any. Specify a different type.  @typescript-eslint/no-explicit-any

./app/api/admin/printers/route.ts
5:27  Warning: '_request' is defined but never used.  @typescript-eslint/no-unused-vars
8:48  Warning: Unexpected any. Specify a different type.  @typescript-eslint/no-explicit-any
37:48  Warning: Unexpected any. Specify a different type.  @typescript-eslint/no-explicit-any

./app/api/admin/printers/[id]/route.ts
11:48  Warning: Unexpected any. Specify a different type.  @typescript-eslint/no-explicit-any
45:48  Warning: Unexpected any. Specify a different type.  @typescript-eslint/no-explicit-any

./app/api/admin/quickbooks/disconnect/route.ts
9:28  Warning: '_req' is defined but never used.  @typescript-eslint/no-unused-vars
13:38  Warning: Unexpected any. Specify a different type.  @typescript-eslint/no-explicit-any

./app/api/admin/quickbooks/status/route.ts
11:27  Warning: '_req' is defined but never used.  @typescript-eslint/no-unused-vars
15:38  Warning: Unexpected any. Specify a different type.  @typescript-eslint/no-explicit-any

./app/api/admin/realtors/route.ts
5:27  Warning: '_request' is defined but never used.  @typescript-eslint/no-unused-vars
12:32  Warning: Unexpected any. Specify a different type.  @typescript-eslint/no-explicit-any

./app/api/admin/realtors/[id]/route.ts
12:48  Warning: Unexpected any. Specify a different type.  @typescript-eslint/no-explicit-any
56:12  Warning: 'error' is defined but never used.  @typescript-eslint/no-unused-vars

./app/api/admin/reports/clients/route.ts
6:27  Warning: '_request' is defined but never used.  @typescript-eslint/no-unused-vars
9:48  Warning: Unexpected any. Specify a different type.  @typescript-eslint/no-explicit-any
53:36  Warning: Unexpected any. Specify a different type.  @typescript-eslint/no-explicit-any

./app/api/admin/reports/field-techs/route.ts
9:48  Warning: Unexpected any. Specify a different type.  @typescript-eslint/no-explicit-any
42:35  Warning: Unexpected any. Specify a different type.  @typescript-eslint/no-explicit-any
90:36  Warning: Unexpected any. Specify a different type.  @typescript-eslint/no-explicit-any

./app/api/admin/reports/inventory/route.ts
6:27  Warning: '_request' is defined but never used.  @typescript-eslint/no-unused-vars
9:48  Warning: Unexpected any. Specify a different type.  @typescript-eslint/no-explicit-any
55:36  Warning: Unexpected any. Specify a different type.  @typescript-eslint/no-explicit-any

./app/api/admin/reports/orders/route.ts
9:48  Warning: Unexpected any. Specify a different type.  @typescript-eslint/no-explicit-any
88:36  Warning: Unexpected any. Specify a different type.  @typescript-eslint/no-explicit-any

./app/api/admin/reports/revenue/route.ts
9:48  Warning: Unexpected any. Specify a different type.  @typescript-eslint/no-explicit-any
100:36  Warning: Unexpected any. Specify a different type.  @typescript-eslint/no-explicit-any

./app/api/admin/self811-policy/route.ts
5:27  Warning: '_request' is defined but never used.  @typescript-eslint/no-unused-vars
37:48  Warning: Unexpected any. Specify a different type.  @typescript-eslint/no-explicit-any

./app/api/admin/settings/route.ts
6:27  Warning: '_' is defined but never used.  @typescript-eslint/no-unused-vars
10:48  Warning: Unexpected any. Specify a different type.  @typescript-eslint/no-explicit-any
18:36  Warning: Unexpected any. Specify a different type.  @typescript-eslint/no-explicit-any
20:18  Warning: Unexpected any. Specify a different type.  @typescript-eslint/no-explicit-any
56:48  Warning: Unexpected any. Specify a different type.  @typescript-eslint/no-explicit-any

./app/api/admin/settings/test-imap/route.ts
8:48  Warning: Unexpected any. Specify a different type.  @typescript-eslint/no-explicit-any

./app/api/admin/sign-reports/route.ts
12:32  Warning: Unexpected any. Specify a different type.  @typescript-eslint/no-explicit-any
21:18  Warning: Unexpected any. Specify a different type.  @typescript-eslint/no-explicit-any

./app/api/admin/sign-reports/[id]/resolve/route.ts
15:32  Warning: Unexpected any. Specify a different type.  @typescript-eslint/no-explicit-any

./app/api/admin/signs/bulk/route.ts
12:32  Warning: Unexpected any. Specify a different type.  @typescript-eslint/no-explicit-any

./app/api/admin/signs/map/route.ts
5:27  Warning: '_request' is defined but never used.  @typescript-eslint/no-unused-vars
12:32  Warning: Unexpected any. Specify a different type.  @typescript-eslint/no-explicit-any

./app/api/admin/signs/route.ts
12:32  Warning: Unexpected any. Specify a different type.  @typescript-eslint/no-explicit-any
24:16  Warning: Unexpected any. Specify a different type.  @typescript-eslint/no-explicit-any
78:32  Warning: Unexpected any. Specify a different type.  @typescript-eslint/no-explicit-any
104:17  Warning: Unexpected any. Specify a different type.  @typescript-eslint/no-explicit-any

./app/api/admin/signs/[id]/route.ts
18:32  Warning: Unexpected any. Specify a different type.  @typescript-eslint/no-explicit-any
73:17  Warning: Unexpected any. Specify a different type.  @typescript-eslint/no-explicit-any
93:32  Warning: Unexpected any. Specify a different type.  @typescript-eslint/no-explicit-any

./app/api/admin/sms-logs/route.ts
15:38  Warning: Unexpected any. Specify a different type.  @typescript-eslint/no-explicit-any
28:18  Warning: Unexpected any. Specify a different type.  @typescript-eslint/no-explicit-any

./app/api/admin/tcs/create/route.ts
24:48  Warning: Unexpected any. Specify a different type.  @typescript-eslint/no-explicit-any
90:19  Warning: Unexpected any. Specify a different type.  @typescript-eslint/no-explicit-any

./app/api/admin/tcs/link/route.ts
12:32  Warning: Unexpected any. Specify a different type.  @typescript-eslint/no-explicit-any
71:17  Warning: Unexpected any. Specify a different type.  @typescript-eslint/no-explicit-any

./app/api/admin/tcs/link/[id]/route.ts
15:32  Warning: Unexpected any. Specify a different type.  @typescript-eslint/no-explicit-any

./app/api/admin/tcs/route.ts
5:27  Warning: '_request' is defined but never used.  @typescript-eslint/no-unused-vars
12:32  Warning: Unexpected any. Specify a different type.  @typescript-eslint/no-explicit-any

./app/api/admin/tcs/[id]/profile/route.ts
18:48  Warning: Unexpected any. Specify a different type.  @typescript-eslint/no-explicit-any
128:36  Warning: Unexpected any. Specify a different type.  @typescript-eslint/no-explicit-any
184:19  Warning: Unexpected any. Specify a different type.  @typescript-eslint/no-explicit-any

./app/api/admin/tcs/[id]/route.ts
19:48  Warning: Unexpected any. Specify a different type.  @typescript-eslint/no-explicit-any
57:19  Warning: Unexpected any. Specify a different type.  @typescript-eslint/no-explicit-any
77:48  Warning: Unexpected any. Specify a different type.  @typescript-eslint/no-explicit-any

./app/api/admin/tcs/[id]/send-invitation/route.ts
16:48  Warning: Unexpected any. Specify a different type.  @typescript-eslint/no-explicit-any

./app/api/admin/users/route.ts
26:48  Warning: Unexpected any. Specify a different type.  @typescript-eslint/no-explicit-any
44:18  Warning: Unexpected any. Specify a different type.  @typescript-eslint/no-explicit-any
91:12  Warning: 'error' is defined but never used.  @typescript-eslint/no-unused-vars
103:48  Warning: Unexpected any. Specify a different type.  @typescript-eslint/no-explicit-any
190:19  Warning: Unexpected any. Specify a different type.  @typescript-eslint/no-explicit-any

./app/api/admin/users/search/route.ts
12:32  Warning: Unexpected any. Specify a different type.  @typescript-eslint/no-explicit-any
33:37  Warning: Unexpected any. Specify a different type.  @typescript-eslint/no-explicit-any

./app/api/admin/users/[id]/orders/route.ts
12:48  Warning: Unexpected any. Specify a different type.  @typescript-eslint/no-explicit-any

./app/api/admin/users/[id]/route.ts
12:48  Warning: Unexpected any. Specify a different type.  @typescript-eslint/no-explicit-any
58:12  Warning: 'error' is defined but never used.  @typescript-eslint/no-unused-vars
73:48  Warning: Unexpected any. Specify a different type.  @typescript-eslint/no-explicit-any

./app/api/admin/users/[id]/send-credit/route.ts
16:48  Warning: Unexpected any. Specify a different type.  @typescript-eslint/no-explicit-any

./app/api/admin/users/[id]/send-sms/route.ts
16:48  Warning: Unexpected any. Specify a different type.  @typescript-eslint/no-explicit-any

./app/api/auth/register/route.ts
39:31  Warning: Unexpected any. Specify a different type.  @typescript-eslint/no-explicit-any
209:19  Warning: Unexpected any. Specify a different type.  @typescript-eslint/no-explicit-any

./app/api/brokerage/agents/route.ts
28:36  Warning: Unexpected any. Specify a different type.  @typescript-eslint/no-explicit-any
57:12  Warning: '_error' is defined but never used.  @typescript-eslint/no-unused-vars
65:36  Warning: Unexpected any. Specify a different type.  @typescript-eslint/no-explicit-any
130:19  Warning: Unexpected any. Specify a different type.  @typescript-eslint/no-explicit-any

./app/api/brokerage/profile/route.ts
8:36  Warning: Unexpected any. Specify a different type.  @typescript-eslint/no-explicit-any
64:12  Warning: '_error' is defined but never used.  @typescript-eslint/no-unused-vars

./app/api/field/jobs/route.ts
7:27  Warning: '_' is defined but never used.  @typescript-eslint/no-unused-vars
11:48  Warning: Unexpected any. Specify a different type.  @typescript-eslint/no-explicit-any
56:19  Warning: Unexpected any. Specify a different type.  @typescript-eslint/no-explicit-any

./app/api/field/jobs/[id]/complete/route.ts
21:48  Warning: Unexpected any. Specify a different type.  @typescript-eslint/no-explicit-any
124:19  Warning: Unexpected any. Specify a different type.  @typescript-eslint/no-explicit-any

./app/api/field/jobs/[id]/flag/route.ts
18:48  Warning: Unexpected any. Specify a different type.  @typescript-eslint/no-explicit-any
127:19  Warning: Unexpected any. Specify a different type.  @typescript-eslint/no-explicit-any

./app/api/field/jobs/[id]/route.ts
12:48  Warning: Unexpected any. Specify a different type.  @typescript-eslint/no-explicit-any
63:19  Warning: Unexpected any. Specify a different type.  @typescript-eslint/no-explicit-any

./app/api/field/jobs/[id]/start/route.ts
12:48  Warning: Unexpected any. Specify a different type.  @typescript-eslint/no-explicit-any
92:19  Warning: Unexpected any. Specify a different type.  @typescript-eslint/no-explicit-any

./app/api/inventory/items/route.ts
5:27  Warning: '_request' is defined but never used.  @typescript-eslint/no-unused-vars
15:39  Warning: Unexpected any. Specify a different type.  @typescript-eslint/no-explicit-any

./app/api/inventory/route.ts
7:27  Warning: '_request' is defined but never used.  @typescript-eslint/no-unused-vars
24:40  Warning: Unexpected any. Specify a different type.  @typescript-eslint/no-explicit-any

./app/api/invoices/route.ts
21:18  Warning: Unexpected any. Specify a different type.  @typescript-eslint/no-explicit-any

./app/api/notifications/read/route.ts
11:27  Warning: '_request' is defined but never used.  @typescript-eslint/no-unused-vars

./app/api/orders/route.ts
12:15  Warning: Unexpected any. Specify a different type.  @typescript-eslint/no-explicit-any
13:22  Warning: Unexpected any. Specify a different type.  @typescript-eslint/no-explicit-any
31:18  Warning: Unexpected any. Specify a different type.  @typescript-eslint/no-explicit-any
32:35  Warning: Unexpected any. Specify a different type.  @typescript-eslint/no-explicit-any
97:56  Warning: Unexpected any. Specify a different type.  @typescript-eslint/no-explicit-any
110:15  Warning: 'jobAssignment' is assigned a value but never used.  @typescript-eslint/no-unused-vars
130:12  Warning: 'error' is defined but never used.  @typescript-eslint/no-unused-vars
263:9  Warning: 'addonData' is never reassigned. Use 'const' instead.  prefer-const
283:21  Warning: Unexpected any. Specify a different type.  @typescript-eslint/no-explicit-any
308:23  Warning: Unexpected any. Specify a different type.  @typescript-eslint/no-explicit-any
342:25  Warning: Unexpected any. Specify a different type.  @typescript-eslint/no-explicit-any
390:19  Warning: Unexpected any. Specify a different type.  @typescript-eslint/no-explicit-any

./app/api/orders/[id]/cancel/route.ts
29:24  Warning: Unexpected any. Specify a different type.  @typescript-eslint/no-explicit-any
37:24  Warning: Unexpected any. Specify a different type.  @typescript-eslint/no-explicit-any
46:26  Warning: Unexpected any. Specify a different type.  @typescript-eslint/no-explicit-any
46:70  Warning: Unexpected any. Specify a different type.  @typescript-eslint/no-explicit-any
73:12  Warning: 'error' is defined but never used.  @typescript-eslint/no-unused-vars

./app/api/orders/[id]/coupon/route.ts
46:66  Warning: Unexpected any. Specify a different type.  @typescript-eslint/no-explicit-any
124:66  Warning: Unexpected any. Specify a different type.  @typescript-eslint/no-explicit-any

./app/api/orders/[id]/route.ts
27:24  Warning: Unexpected any. Specify a different type.  @typescript-eslint/no-explicit-any
34:12  Warning: 'error' is defined but never used.  @typescript-eslint/no-unused-vars
49:48  Warning: Unexpected any. Specify a different type.  @typescript-eslint/no-explicit-any
56:23  Warning: Unexpected any. Specify a different type.  @typescript-eslint/no-explicit-any
114:48  Warning: Unexpected any. Specify a different type.  @typescript-eslint/no-explicit-any

./app/api/parse-pdf/route.ts
20:35  Warning: Unexpected any. Specify a different type.  @typescript-eslint/no-explicit-any
87:7  Warning: 'dateMatch' is never reassigned. Use 'const' instead.  prefer-const
135:9  Warning: 'subjectMatch' is never reassigned. Use 'const' instead.  prefer-const

./app/api/quickbooks/connect/route.ts
11:27  Warning: '_req' is defined but never used.  @typescript-eslint/no-unused-vars
16:38  Warning: Unexpected any. Specify a different type.  @typescript-eslint/no-explicit-any

./app/api/quickbooks/webhook/route.ts
9:27  Warning: '_req' is defined but never used.  @typescript-eslint/no-unused-vars
22:28  Warning: '_req' is defined but never used.  @typescript-eslint/no-unused-vars

./app/api/realtor/811/route.ts
18:39  Warning: Unexpected any. Specify a different type.  @typescript-eslint/no-explicit-any
72:44  Warning: Unexpected any. Specify a different type.  @typescript-eslint/no-explicit-any
73:56  Warning: Unexpected any. Specify a different type.  @typescript-eslint/no-explicit-any
74:16  Warning: Unexpected any. Specify a different type.  @typescript-eslint/no-explicit-any
113:39  Warning: Unexpected any. Specify a different type.  @typescript-eslint/no-explicit-any
151:9  Warning: 'orderWhere' is never reassigned. Use 'const' instead.  prefer-const
151:21  Warning: Unexpected any. Specify a different type.  @typescript-eslint/no-explicit-any

./app/api/realtor/811/[id]/route.ts
22:39  Warning: Unexpected any. Specify a different type.  @typescript-eslint/no-explicit-any

./app/api/salesmen/clients/route.ts
15:80  Warning: Unexpected any. Specify a different type.  @typescript-eslint/no-explicit-any
24:39  Warning: Unexpected any. Specify a different type.  @typescript-eslint/no-explicit-any

./app/api/salesmen/clients/[id]/free-install/route.ts
16:80  Warning: Unexpected any. Specify a different type.  @typescript-eslint/no-explicit-any
84:80  Warning: Unexpected any. Specify a different type.  @typescript-eslint/no-explicit-any

./app/api/salesmen/orders/route.ts
17:80  Warning: Unexpected any. Specify a different type.  @typescript-eslint/no-explicit-any
32:39  Warning: Unexpected any. Specify a different type.  @typescript-eslint/no-explicit-any
62:23  Warning: Unexpected any. Specify a different type.  @typescript-eslint/no-explicit-any
87:28  Warning: Unexpected any. Specify a different type.  @typescript-eslint/no-explicit-any
119:19  Warning: Unexpected any. Specify a different type.  @typescript-eslint/no-explicit-any

./app/api/salesmen/stats/route.ts
14:80  Warning: Unexpected any. Specify a different type.  @typescript-eslint/no-explicit-any

./app/api/signs/mine/route.ts
5:27  Warning: '_request' is defined but never used.  @typescript-eslint/no-unused-vars
12:32  Warning: Unexpected any. Specify a different type.  @typescript-eslint/no-explicit-any

./app/api/signs/reorder/route.ts
13:32  Warning: Unexpected any. Specify a different type.  @typescript-eslint/no-explicit-any

./app/api/signs/[id]/report/route.ts
16:32  Warning: Unexpected any. Specify a different type.  @typescript-eslint/no-explicit-any

./app/api/tc/agents/route.ts
7:27  Warning: '_request' is defined but never used.  @typescript-eslint/no-unused-vars

./app/api/tc/linked-tcs/route.ts
12:32  Warning: Unexpected any. Specify a different type.  @typescript-eslint/no-explicit-any

./app/api/tc/pricing/route.ts
10:44  Warning: Unexpected any. Specify a different type.  @typescript-eslint/no-explicit-any
14:39  Warning: Unexpected any. Specify a different type.  @typescript-eslint/no-explicit-any

./app/brokerage/layout.tsx
23:35  Warning: Unexpected any. Specify a different type.  @typescript-eslint/no-explicit-any

./app/brokerage/page.tsx
67:19  Warning: Unexpected any. Specify a different type.  @typescript-eslint/no-explicit-any
127:14  Warning: '_error' is defined but never used.  @typescript-eslint/no-unused-vars

./app/claim/page.tsx
268:7  Warning: Synchronous scripts should not be used. See: https://nextjs.org/docs/messages/no-sync-scripts  @next/next/no-sync-scripts

./app/components/IdleLogoutWarning.tsx
44:18  Warning: `'` can be escaped with `&apos;`, `&lsquo;`, `&#39;`, `&rsquo;`.  react/no-unescaped-entities
44:69  Warning: `'` can be escaped with `&apos;`, `&lsquo;`, `&#39;`, `&rsquo;`.  react/no-unescaped-entities

./app/dashboard/811/page.tsx
45:38  Warning: Unexpected any. Specify a different type.  @typescript-eslint/no-explicit-any
93:37  Warning: Unexpected any. Specify a different type.  @typescript-eslint/no-explicit-any
299:105  Warning: `'` can be escaped with `&apos;`, `&lsquo;`, `&#39;`, `&rsquo;`.  react/no-unescaped-entities

./app/dashboard/account/page.tsx
43:34  Warning: Unexpected any. Specify a different type.  @typescript-eslint/no-explicit-any
161:14  Warning: '_err' is defined but never used.  @typescript-eslint/no-unused-vars
172:32  Warning: Unexpected any. Specify a different type.  @typescript-eslint/no-explicit-any

./app/dashboard/inventory/components/InventoryCard.tsx
55:11  Warning: Using `<img>` could result in slower LCP and higher bandwidth. Consider using `<Image />` from `next/image` to automatically optimize images. This may incur additional usage or cost from your provider. See: https://nextjs.org/docs/messages/no-img-element  @next/next/no-img-element

./app/dashboard/inventory/components/OrderMoreModal.tsx
107:15  Warning: Using `<img>` could result in slower LCP and higher bandwidth. Consider using `<Image />` from `next/image` to automatically optimize images. This may incur additional usage or cost from your provider. See: https://nextjs.org/docs/messages/no-img-element  @next/next/no-img-element

./app/dashboard/invoices/page.tsx
38:6  Warning: React Hook useEffect has a missing dependency: 'fetchInvoices'. Either include it or remove the dependency array.  react-hooks/exhaustive-deps

./app/dashboard/invoices/[id]/page.tsx
38:6  Warning: React Hook useEffect has a missing dependency: 'fetchInvoice'. Either include it or remove the dependency array.  react-hooks/exhaustive-deps

./app/dashboard/orders/new/components/AddOnSelector.tsx
50:16  Warning: Unexpected any. Specify a different type.  @typescript-eslint/no-explicit-any
118:23  Warning: Using `<img>` could result in slower LCP and higher bandwidth. Consider using `<Image />` from `next/image` to automatically optimize images. This may incur additional usage or cost from your provider. See: https://nextjs.org/docs/messages/no-img-element  @next/next/no-img-element

./app/dashboard/orders/new/components/SignSelector.tsx
44:58  Warning: Unexpected any. Specify a different type.  @typescript-eslint/no-explicit-any
99:17  Warning: Using `<img>` could result in slower LCP and higher bandwidth. Consider using `<Image />` from `next/image` to automatically optimize images. This may incur additional usage or cost from your provider. See: https://nextjs.org/docs/messages/no-img-element  @next/next/no-img-element

./app/dashboard/orders/new/page.tsx
12:13  Warning: Unexpected any. Specify a different type.  @typescript-eslint/no-explicit-any
32:38  Warning: Unexpected any. Specify a different type.  @typescript-eslint/no-explicit-any
49:56  Warning: Unexpected any. Specify a different type.  @typescript-eslint/no-explicit-any
71:34  Warning: Unexpected any. Specify a different type.  @typescript-eslint/no-explicit-any
106:6  Warning: React Hook useEffect has a missing dependency: 'selectedRealtorId'. Either include it or remove the dependency array.  react-hooks/exhaustive-deps
267:14  Warning: '_error' is defined but never used.  @typescript-eslint/no-unused-vars
331:19  Warning: '_' is defined but never used.  @typescript-eslint/no-unused-vars
373:19  Warning: Unexpected any. Specify a different type.  @typescript-eslint/no-explicit-any
429:15  Warning: '_' is defined but never used.  @typescript-eslint/no-unused-vars

./app/dashboard/orders/page.tsx
55:6  Warning: React Hook useEffect has a missing dependency: 'search'. Either include it or remove the dependency array.  react-hooks/exhaustive-deps

./app/dashboard/page.tsx
70:18  Warning: Unexpected any. Specify a different type.  @typescript-eslint/no-explicit-any
144:14  Warning: '_err' is defined but never used.  @typescript-eslint/no-unused-vars
288:14  Warning: '_err' is defined but never used.  @typescript-eslint/no-unused-vars
303:42  Warning: `'` can be escaped with `&apos;`, `&lsquo;`, `&#39;`, `&rsquo;`.  react/no-unescaped-entities
303:49  Warning: `'` can be escaped with `&apos;`, `&lsquo;`, `&#39;`, `&rsquo;`.  react/no-unescaped-entities
384:21  Warning: Using `<img>` could result in slower LCP and higher bandwidth. Consider using `<Image />` from `next/image` to automatically optimize images. This may incur additional usage or cost from your provider. See: https://nextjs.org/docs/messages/no-img-element  @next/next/no-img-element

./app/dashboard/signs/page.tsx
272:42  Warning: `'` can be escaped with `&apos;`, `&lsquo;`, `&#39;`, `&rsquo;`.  react/no-unescaped-entities
361:76  Warning: Unexpected any. Specify a different type.  @typescript-eslint/no-explicit-any

./app/field/dashboard/page.tsx
218:69  Warning: `'` can be escaped with `&apos;`, `&lsquo;`, `&#39;`, `&rsquo;`.  react/no-unescaped-entities

./app/field/jobs/[id]/page.tsx
55:6  Warning: React Hook useEffect has a missing dependency: 'fetchJob'. Either include it or remove the dependency array.  react-hooks/exhaustive-deps
368:25  Warning: Using `<img>` could result in slower LCP and higher bandwidth. Consider using `<Image />` from `next/image` to automatically optimize images. This may incur additional usage or cost from your provider. See: https://nextjs.org/docs/messages/no-img-element  @next/next/no-img-element

./app/login/page.tsx
21:59  Warning: Unexpected any. Specify a different type.  @typescript-eslint/no-explicit-any
23:35  Warning: Unexpected any. Specify a different type.  @typescript-eslint/no-explicit-any
63:14  Warning: 'err' is defined but never used.  @typescript-eslint/no-unused-vars
125:14  Warning: `'` can be escaped with `&apos;`, `&lsquo;`, `&#39;`, `&rsquo;`.  react/no-unescaped-entities

./app/page.tsx
18:33  Warning: Unexpected any. Specify a different type.  @typescript-eslint/no-explicit-any
20:33  Warning: Unexpected any. Specify a different type.  @typescript-eslint/no-explicit-any
22:33  Warning: Unexpected any. Specify a different type.  @typescript-eslint/no-explicit-any

./app/register/page.tsx
59:16  Warning: '_err' is defined but never used.  @typescript-eslint/no-unused-vars
118:19  Warning: Unexpected any. Specify a different type.  @typescript-eslint/no-explicit-any

./app/tc/dashboard/page.tsx
165:39  Warning: `'` can be escaped with `&apos;`, `&lsquo;`, `&#39;`, `&rsquo;`.  react/no-unescaped-entities

./app/verify-email/page.tsx
38:16  Warning: '_error' is defined but never used.  @typescript-eslint/no-unused-vars

./lib/activityLog.ts
10:29  Warning: Unexpected any. Specify a different type.  @typescript-eslint/no-explicit-any
67:16  Warning: Unexpected any. Specify a different type.  @typescript-eslint/no-explicit-any

./lib/analytics.ts
672:59  Warning: Unexpected any. Specify a different type.  @typescript-eslint/no-explicit-any

./lib/auth.ts
60:38  Warning: Unexpected any. Specify a different type.  @typescript-eslint/no-explicit-any
76:25  Warning: Unexpected any. Specify a different type.  @typescript-eslint/no-explicit-any
89:31  Warning: Unexpected any. Specify a different type.  @typescript-eslint/no-explicit-any
91:40  Warning: Unexpected any. Specify a different type.  @typescript-eslint/no-explicit-any
92:42  Warning: Unexpected any. Specify a different type.  @typescript-eslint/no-explicit-any
98:26  Warning: Unexpected any. Specify a different type.  @typescript-eslint/no-explicit-any
99:26  Warning: Unexpected any. Specify a different type.  @typescript-eslint/no-explicit-any
100:26  Warning: Unexpected any. Specify a different type.  @typescript-eslint/no-explicit-any
100:57  Warning: Unexpected any. Specify a different type.  @typescript-eslint/no-explicit-any
101:26  Warning: Unexpected any. Specify a different type.  @typescript-eslint/no-explicit-any
101:59  Warning: Unexpected any. Specify a different type.  @typescript-eslint/no-explicit-any

./lib/email.ts
66:3  Warning: 'supportUrl' is defined but never used.  @typescript-eslint/no-unused-vars
67:3  Warning: 'privacyUrl' is defined but never used.  @typescript-eslint/no-unused-vars
68:3  Warning: 'termsUrl' is defined but never used.  @typescript-eslint/no-unused-vars
372:3  Warning: 'supportUrl' is defined but never used.  @typescript-eslint/no-unused-vars
373:3  Warning: 'privacyUrl' is defined but never used.  @typescript-eslint/no-unused-vars
374:3  Warning: 'termsUrl' is defined but never used.  @typescript-eslint/no-unused-vars
460:3  Warning: 'supportUrl' is defined but never used.  @typescript-eslint/no-unused-vars
461:3  Warning: 'privacyUrl' is defined but never used.  @typescript-eslint/no-unused-vars
462:3  Warning: 'termsUrl' is defined but never used.  @typescript-eslint/no-unused-vars
593:3  Warning: 'supportUrl' is defined but never used.  @typescript-eslint/no-unused-vars
594:3  Warning: 'privacyUrl' is defined but never used.  @typescript-eslint/no-unused-vars
595:3  Warning: 'termsUrl' is defined but never used.  @typescript-eslint/no-unused-vars
916:3  Warning: 'supportUrl' is defined but never used.  @typescript-eslint/no-unused-vars
917:3  Warning: 'privacyUrl' is defined but never used.  @typescript-eslint/no-unused-vars
918:3  Warning: 'termsUrl' is defined but never used.  @typescript-eslint/no-unused-vars
1329:3  Warning: 'supportUrl' is defined but never used.  @typescript-eslint/no-unused-vars
1330:3  Warning: 'privacyUrl' is defined but never used.  @typescript-eslint/no-unused-vars
1331:3  Warning: 'termsUrl' is defined but never used.  @typescript-eslint/no-unused-vars
1724:3  Warning: 'supportUrl' is defined but never used.  @typescript-eslint/no-unused-vars
1725:3  Warning: 'privacyUrl' is defined but never used.  @typescript-eslint/no-unused-vars
1726:3  Warning: 'termsUrl' is defined but never used.  @typescript-eslint/no-unused-vars
1991:3  Warning: 'supportUrl' is defined but never used.  @typescript-eslint/no-unused-vars
1992:3  Warning: 'privacyUrl' is defined but never used.  @typescript-eslint/no-unused-vars
1993:3  Warning: 'termsUrl' is defined but never used.  @typescript-eslint/no-unused-vars
2271:3  Warning: 'supportUrl' is defined but never used.  @typescript-eslint/no-unused-vars
2272:3  Warning: 'privacyUrl' is defined but never used.  @typescript-eslint/no-unused-vars
2273:3  Warning: 'termsUrl' is defined but never used.  @typescript-eslint/no-unused-vars
2561:5  Warning: 'supportUrl' is defined but never used.  @typescript-eslint/no-unused-vars
2562:5  Warning: 'privacyUrl' is defined but never used.  @typescript-eslint/no-unused-vars
2563:5  Warning: 'termsUrl' is defined but never used.  @typescript-eslint/no-unused-vars
2601:3  Warning: 'supportUrl' is defined but never used.  @typescript-eslint/no-unused-vars
2602:3  Warning: 'privacyUrl' is defined but never used.  @typescript-eslint/no-unused-vars
2603:3  Warning: 'termsUrl' is defined but never used.  @typescript-eslint/no-unused-vars
2887:3  Warning: 'supportUrl' is defined but never used.  @typescript-eslint/no-unused-vars
2888:3  Warning: 'privacyUrl' is defined but never used.  @typescript-eslint/no-unused-vars
2889:3  Warning: 'termsUrl' is defined but never used.  @typescript-eslint/no-unused-vars

./lib/emailPoller.ts
167:20  Warning: 'err' is defined but never used.  @typescript-eslint/no-unused-vars
179:12  Warning: 'err' is defined but never used.  @typescript-eslint/no-unused-vars
198:8  Warning: Unexpected any. Specify a different type.  @typescript-eslint/no-explicit-any
212:10  Warning: Unexpected any. Specify a different type.  @typescript-eslint/no-explicit-any
247:73  Warning: Unexpected any. Specify a different type.  @typescript-eslint/no-explicit-any
255:75  Warning: Unexpected any. Specify a different type.  @typescript-eslint/no-explicit-any
266:14  Warning: 'err' is defined but never used.  @typescript-eslint/no-unused-vars

./lib/notifications.ts
33:25  Warning: Unexpected any. Specify a different type.  @typescript-eslint/no-explicit-any
39:82  Warning: Unexpected any. Specify a different type.  @typescript-eslint/no-explicit-any
224:25  Warning: Unexpected any. Specify a different type.  @typescript-eslint/no-explicit-any
423:39  Warning: Unexpected any. Specify a different type.  @typescript-eslint/no-explicit-any

./lib/pdf-parser.ts
33:23  Warning: Unexpected any. Specify a different type.  @typescript-eslint/no-explicit-any
114:9  Warning: 'dateMatch' is never reassigned. Use 'const' instead.  prefer-const
165:11  Warning: 'subjectMatch' is never reassigned. Use 'const' instead.  prefer-const

./lib/ratelimit.ts
27:20  Warning: Unexpected any. Specify a different type.  @typescript-eslint/no-explicit-any
37:20  Warning: Unexpected any. Specify a different type.  @typescript-eslint/no-explicit-any
47:20  Warning: Unexpected any. Specify a different type.  @typescript-eslint/no-explicit-any
57:20  Warning: Unexpected any. Specify a different type.  @typescript-eslint/no-explicit-any

./lib/reports.ts
8:36  Warning: Unexpected any. Specify a different type.  @typescript-eslint/no-explicit-any
31:32  Warning: Unexpected any. Specify a different type.  @typescript-eslint/no-explicit-any
89:7  Warning: 'startDate' is never reassigned. Use 'const' instead.  prefer-const

info  - Need to disable some ESLint rules? Learn more here: https://nextjs.org/docs/basic-features/eslint#disabling-rules
Failed to compile.

./lib/email.ts:66:3
Type error: 'supportUrl' is declared but its value is never read.

[0m [90m 64 |[39m   firstName[33m:[39m string[33m,[39m[0m
[0m [90m 65 |[39m   resetLink[33m:[39m string[33m,[39m[0m
[0m[31m[1m>[22m[39m[90m 66 |[39m   supportUrl[33m?[39m[33m:[39m string[33m,[39m[0m
[0m [90m    |[39m   [31m[1m^[22m[39m[0m
[0m [90m 67 |[39m   privacyUrl[33m?[39m[33m:[39m string[33m,[39m[0m
[0m [90m 68 |[39m   termsUrl[33m?[39m[33m:[39m string[0m
[0m [90m 69 |[39m ) {[0m
Next.js build worker exited with code: 1 and signal: null
